// Jest Snapshot v1, https://goo.gl/fbAQLP

exports[`should render the App component 1`] = `
<View>
  <Text>
    Hello
  </Text>
</View>
`;
