// Jest Snapshot v1, https://goo.gl/fbAQLP

exports[`should render the HourlyWeather component with   props 1`] = `
<View>
  <RCTScrollView
    data={
      Array [
        Object {
          "dt": 1614063600,
          "temp": 12.58,
          "weather": Array [
            Object {
              "description": "few clouds",
              "icon": "02n",
              "id": 801,
              "main": "Clouds",
            },
          ],
        },
      ]
    }
    disableVirtualization={false}
    getItem={[Function]}
    getItemCount={[Function]}
    horizontal={true}
    initialNumToRender={10}
    keyExtractor={[Function]}
    maxToRenderPerBatch={10}
    onContentSizeChange={[Function]}
    onEndReachedThreshold={2}
    onLayout={[Function]}
    onMomentumScrollEnd={[Function]}
    onScroll={[Function]}
    onScrollBeginDrag={[Function]}
    onScrollEndDrag={[Function]}
    removeClippedSubviews={false}
    renderItem={[Function]}
    scrollEventThrottle={50}
    stickyHeaderIndices={Array []}
    updateCellsBatchingPeriod={50}
    viewabilityConfigCallbackPairs={Array []}
    windowSize={21}
  >
    <View>
      <View
        onLayout={[Function]}
        style={
          Array [
            Object {
              "flexDirection": "row",
            },
            null,
          ]
        }
      >
        <View
          style={
            Object {
              "alignItems": "center",
              "backgroundColor": "#57575da6",
              "padding": 6,
            }
          }
        >
          <Text
            style={
              Object {
                "color": "#fff",
                "fontWeight": "bold",
              }
            }
          >
            09:00:00
          </Text>
          <Text
            style={
              Object {
                "color": "#fff",
                "fontWeight": "bold",
              }
            }
          >
            13
            Â°C
          </Text>
          <Image
            source={1}
            style={
              Object {
                "height": 30,
                "marginBottom": 35,
                "width": 30,
              }
            }
          />
          <Text>
            few clouds
          </Text>
        </View>
      </View>
    </View>
  </RCTScrollView>
</View>
`;
