// Jest Snapshot v1, https://goo.gl/fbAQLP

exports[`should render the WeatherForecast functional component 1`] = `
<RCTSafeAreaView
  emulateUnlessSupported={true}
  style={
    Object {
      "alignItems": "center",
      "backgroundColor": "#fff",
      "flex": 1,
      "justifyContent": "center",
      "paddingTop": 0,
    }
  }
>
  <ActivityIndicator
    animating={true}
    color="#fc5c65"
    hidesWhenStopped={true}
    size="large"
  />
</RCTSafeAreaView>
`;
